// Jest Snapshot v1, https://goo.gl/fbAQLP

exports[`Header renders correctly 1`] = `
<header
  className="grid grid-cols-2 p-8"
>
  <div
    className="brand"
  >
    Christopher Santos
  </div>
  <nav
    className="flex"
  >
    <div
      className="gallery flex-1"
    >
      <a
        href="/gallery/black-and-white"
      >
        B&W
      </a>
    </div>
    <div
      className="gallery flex-1"
    >
      <a
        href="/gallery/color"
      >
        Color
      </a>
    </div>
    <div
      className="gallery flex-1"
    >
      <a
        href="/gallery/low-key"
      >
        Low-Key
      </a>
    </div>
    <div
      className="gallery flex-1"
    >
      <a
        href="/gallery/film-simulation"
      >
        Film Simulation
      </a>
    </div>
  </nav>
</header>
`;
