// Jest Snapshot v1, https://goo.gl/fbAQLP

exports[`ChevronIcon renders correctly 1`] = `
<svg
  className="test-class"
  data-testid="chevron-icon"
  fill="currentColor"
  onClick={[Function]}
  viewBox="0 0 20 20"
  xmlns="http://www.w3.org/2000/svg"
>
  <path
    clipRule="evenodd"
    d="M7.21 14.77a.75.75 0 01.02-1.06L11.168 10 7.23 6.29a.75.75 0 111.04-1.08l4.5 4.25a.75.75 0 010 1.08l-4.5 4.25a.75.75 0 01-1.06-.02z"
    fillRule="evenodd"
  />
</svg>
`;
