// Jest Snapshot v1, https://goo.gl/fbAQLP

exports[`PhotoViewer component renders correctly 1`] = `
<div
  className="bg-white duration-500 fixed h-full scale-100 transition-all w-full will-change-auto"
  data-testid="photo-viewer"
  onClick={[Function]}
>
  <div
    className="flex flex-col h-full items-center justify-center p-4"
  >
    <span
      className="absolute cursor-pointer right-c1 text-slate-500 top-c1"
      data-testid="photo-viewer-close"
    >
      Close
    </span>
    <img
      alt=""
      className="max-h-full max-w-full pointer-events-none"
      data-testid="photo-viewer-img"
      src="https://example.com/image.jpg"
    />
  </div>
</div>
`;
